// Jest Snapshot v1, https://goo.gl/fbAQLP

exports[`matches the snapshot 1`] = `
<DocumentFragment>
  <div
    class="Box"
  >
    <div
      class="Box-box"
    >
      <button
        class="Box-remove"
      >
        X
      </button>
    </div>
  </div>
</DocumentFragment>
`;
